0: command not found
腳本已於 Sat Apr 11 16:00:04 CST 2026 執行
磁碟用量 1%，目前正常。
腳本已於 Sat Apr 11 16:01:58 CST 2026 執行
磁碟用量 1%，目前正常。
腳本已於 Sat Apr 11 17:00:06 CST 2026 執行
磁碟用量 1%，目前正常。
腳本已於 Sat Apr 11 18:00:01 CST 2026 執行
磁碟用量 1%，目前正常。
腳本已於 Fri Apr 17 19:00:05 CST 2026 執行
磁碟用量 1%，目前正常。
腳本已於 Fri Apr 17 20:00:03 CST 2026 執行
磁碟用量 1%，目前正常。
腳本已於 Fri Apr 17 21:00:05 CST 2026 執行
磁碟用量 1%，目前正常。
腳本已於 Fri Apr 17 22:00:03 CST 2026 執行
磁碟用量 1%，目前正常。
腳本已於 Mon May  4 13:00:04 CST 2026 執行
磁碟用量 1%，目前正常。
腳本已於 Mon May  4 14:00:04 CST 2026 執行
磁碟用量 1%，目前正常。
腳本已於 Mon May  4 15:00:06 CST 2026 執行
磁碟用量 1%，目前正常。
腳本已於 Mon May  4 16:00:06 CST 2026 執行
磁碟用量 1%，目前正常。
腳本已於 Mon May  4 17:00:07 CST 2026 執行
磁碟用量 1%，目前正常。
腳本已於 Mon May  4 18:00:07 CST 2026 執行
磁碟用量 1%，目前正常。
腳本已於 Mon May  4 19:00:07 CST 2026 執行
磁碟用量 1%，目前正常。
腳本已於 Mon May  4 20:00:02 CST 2026 執行
磁碟用量 1%，目前正常。
腳本已於 Mon May  4 21:00:08 CST 2026 執行
磁碟用量 1%，目前正常。
腳本已於 Mon May  4 22:00:01 CST 2026 執行
磁碟用量 1%，目前正常。
腳本已於 Mon May  4 23:00:01 CST 2026 執行
磁碟用量 1%，目前正常。
